// Jest Snapshot v1, https://goo.gl/fbAQLP

exports[`Arris normalizeDocsisStatus should work with ofdm in download 1`] = `
Object {
  "downstream": Array [
    Object {
      "channelId": "2",
      "channelType": "SC-QAM",
      "frequency": 130,
      "lockStatus": "Locked",
      "modulation": "256QAM",
      "powerLevel": 53.3,
      "snr": 35,
    },
    Object {
      "channelId": "3",
      "channelType": "SC-QAM",
      "frequency": 138,
      "lockStatus": "Locked",
      "modulation": "256QAM",
      "powerLevel": 53.6,
      "snr": 35,
    },
    Object {
      "channelId": "4",
      "channelType": "SC-QAM",
      "frequency": 146,
      "lockStatus": "Locked",
      "modulation": "256QAM",
      "powerLevel": 53.3,
      "snr": 35,
    },
    Object {
      "channelId": "5",
      "channelType": "SC-QAM",
      "frequency": 602,
      "lockStatus": "Locked",
      "modulation": "256QAM",
      "powerLevel": 56.3,
      "snr": 38,
    },
    Object {
      "channelId": "6",
      "channelType": "SC-QAM",
      "frequency": 618,
      "lockStatus": "Locked",
      "modulation": "256QAM",
      "powerLevel": 56.2,
      "snr": 38,
    },
    Object {
      "channelId": "7",
      "channelType": "SC-QAM",
      "frequency": 626,
      "lockStatus": "Locked",
      "modulation": "256QAM",
      "powerLevel": 56.4,
      "snr": 38,
    },
    Object {
      "channelId": "8",
      "channelType": "SC-QAM",
      "frequency": 642,
      "lockStatus": "Locked",
      "modulation": "256QAM",
      "powerLevel": 55.8,
      "snr": 38,
    },
    Object {
      "channelId": "9",
      "channelType": "SC-QAM",
      "frequency": 650,
      "lockStatus": "Locked",
      "modulation": "256QAM",
      "powerLevel": 55.2,
      "snr": 38,
    },
    Object {
      "channelId": "10",
      "channelType": "SC-QAM",
      "frequency": 658,
      "lockStatus": "Locked",
      "modulation": "256QAM",
      "powerLevel": 55.4,
      "snr": 39,
    },
    Object {
      "channelId": "11",
      "channelType": "SC-QAM",
      "frequency": 666,
      "lockStatus": "Locked",
      "modulation": "256QAM",
      "powerLevel": 55.6,
      "snr": 37,
    },
    Object {
      "channelId": "12",
      "channelType": "SC-QAM",
      "frequency": 674,
      "lockStatus": "Locked",
      "modulation": "256QAM",
      "powerLevel": 56.9,
      "snr": 38,
    },
    Object {
      "channelId": "13",
      "channelType": "SC-QAM",
      "frequency": 682,
      "lockStatus": "Locked",
      "modulation": "256QAM",
      "powerLevel": 57.3,
      "snr": 39,
    },
    Object {
      "channelId": "14",
      "channelType": "SC-QAM",
      "frequency": 690,
      "lockStatus": "Locked",
      "modulation": "256QAM",
      "powerLevel": 58,
      "snr": 39,
    },
    Object {
      "channelId": "15",
      "channelType": "SC-QAM",
      "frequency": 698,
      "lockStatus": "Locked",
      "modulation": "64QAM",
      "powerLevel": 52,
      "snr": 34,
    },
    Object {
      "channelId": "16",
      "channelType": "SC-QAM",
      "frequency": 706,
      "lockStatus": "Locked",
      "modulation": "64QAM",
      "powerLevel": 53,
      "snr": 35,
    },
    Object {
      "channelId": "17",
      "channelType": "SC-QAM",
      "frequency": 714,
      "lockStatus": "Locked",
      "modulation": "64QAM",
      "powerLevel": 53.2,
      "snr": 35,
    },
    Object {
      "channelId": "18",
      "channelType": "SC-QAM",
      "frequency": 722,
      "lockStatus": "Locked",
      "modulation": "64QAM",
      "powerLevel": 52.9,
      "snr": 34,
    },
    Object {
      "channelId": "19",
      "channelType": "SC-QAM",
      "frequency": 730,
      "lockStatus": "Locked",
      "modulation": "64QAM",
      "powerLevel": 52.9,
      "snr": 35,
    },
    Object {
      "channelId": "20",
      "channelType": "SC-QAM",
      "frequency": 738,
      "lockStatus": "Locked",
      "modulation": "64QAM",
      "powerLevel": 53.9,
      "snr": 35,
    },
    Object {
      "channelId": "21",
      "channelType": "SC-QAM",
      "frequency": 746,
      "lockStatus": "Locked",
      "modulation": "64QAM",
      "powerLevel": 54.4,
      "snr": 36,
    },
    Object {
      "channelId": "22",
      "channelType": "SC-QAM",
      "frequency": 754,
      "lockStatus": "Locked",
      "modulation": "64QAM",
      "powerLevel": 53.8,
      "snr": 35,
    },
    Object {
      "channelId": "23",
      "channelType": "SC-QAM",
      "frequency": 762,
      "lockStatus": "Locked",
      "modulation": "64QAM",
      "powerLevel": 54.1,
      "snr": 35,
    },
    Object {
      "channelId": "24",
      "channelType": "SC-QAM",
      "frequency": 770,
      "lockStatus": "Locked",
      "modulation": "64QAM",
      "powerLevel": 53.8,
      "snr": 35,
    },
    Object {
      "channelId": "25",
      "channelType": "SC-QAM",
      "frequency": 778,
      "lockStatus": "Locked",
      "modulation": "64QAM",
      "powerLevel": 54.1,
      "snr": 36,
    },
    Object {
      "channelId": "26",
      "channelType": "SC-QAM",
      "frequency": 786,
      "lockStatus": "Locked",
      "modulation": "64QAM",
      "powerLevel": 54.3,
      "snr": 35,
    },
    Object {
      "channelId": "27",
      "channelType": "SC-QAM",
      "frequency": 794,
      "lockStatus": "Locked",
      "modulation": "64QAM",
      "powerLevel": 54.1,
      "snr": 35,
    },
    Object {
      "channelId": "28",
      "channelType": "SC-QAM",
      "frequency": 802,
      "lockStatus": "Locked",
      "modulation": "64QAM",
      "powerLevel": 53.6,
      "snr": 35,
    },
    Object {
      "channelId": "29",
      "channelType": "SC-QAM",
      "frequency": 810,
      "lockStatus": "Locked",
      "modulation": "64QAM",
      "powerLevel": 53.5,
      "snr": 35,
    },
    Object {
      "channelId": "30",
      "channelType": "SC-QAM",
      "frequency": 818,
      "lockStatus": "Locked",
      "modulation": "64QAM",
      "powerLevel": 53.7,
      "snr": 35,
    },
    Object {
      "channelId": "31",
      "channelType": "SC-QAM",
      "frequency": 826,
      "lockStatus": "Locked",
      "modulation": "64QAM",
      "powerLevel": 53.2,
      "snr": 35,
    },
    Object {
      "channelId": "32",
      "channelType": "SC-QAM",
      "frequency": 834,
      "lockStatus": "Locked",
      "modulation": "64QAM",
      "powerLevel": 52.1,
      "snr": 34,
    },
    Object {
      "channelId": "1",
      "channelType": "SC-QAM",
      "frequency": 114,
      "lockStatus": "Locked",
      "modulation": "256QAM",
      "powerLevel": 53.5,
      "snr": 34,
    },
  ],
  "downstreamOfdma": Array [
    Object {
      "channelId": "33",
      "channelType": "OFDM",
      "frequencyEnd": 324,
      "frequencyStart": 151,
      "lockStatus": "Locked",
      "modulation": "1024QAM",
      "powerLevel": 55.9,
      "snr": 39,
    },
  ],
}
`;
